// Jest Snapshot v1, https://goo.gl/fbAQLP

exports[`renders Header correctly 1`] = `
<div>
  <div
    className="sc-bdvvtL eiGIhP"
  >
    <img
      alt="logo"
      className="Header-logo"
      src="react.svg"
      style={
        Object {
          "height": "80px",
        }
      }
    />
    <h2>
      Welcome to project frontend starter
    </h2>
    <h3>
      Implemented with Razzle + After.js
    </h3>
  </div>
  <a
    aria-current={null}
    href="/en/"
    onClick={[Function]}
  >
    Home
  </a>
   -
  <a
    aria-current={null}
    href="/en/about"
    onClick={[Function]}
  >
    About
  </a>
   -
  <a
    aria-current={null}
    href="/en/terms"
    onClick={[Function]}
  >
    Terms
  </a>
</div>
`;
